<?xml version="1.0" encoding="UTF-8"?>
<testsuites name="Mocha Tests" time="0.022" tests="63" failures="0">
  <testsuite name="Root Suite" timestamp="2023-04-27T08:26:11" tests="0" time="0.000" failures="0">
  </testsuite>
  <testsuite name="BehaviorPack" timestamp="2023-04-27T08:26:11" tests="0" file="F:\Projects\Blockception\Software\bc-dev\BC-Minecraft-Bedrock-Diagnoser\test\Lib\Diagnostics\BehaviorPack\Structure.test.ts" time="0.000" failures="0">
  </testsuite>
  <testsuite name="Structures" timestamp="2023-04-27T08:26:11" tests="3" file="F:\Projects\Blockception\Software\bc-dev\BC-Minecraft-Bedrock-Diagnoser\test\Lib\Diagnostics\BehaviorPack\Structure.test.ts" time="0.003" failures="0">
    <testcase name="BehaviorPack Structures quotes" time="0.001" classname="quotes">
    </testcase>
    <testcase name="BehaviorPack Structures no errors" time="0.001" classname="no errors">
    </testcase>
    <testcase name="BehaviorPack Structures missing" time="0.000" classname="missing">
    </testcase>
  </testsuite>
  <testsuite name="Filepath lengths" timestamp="2023-04-27T08:26:11" tests="4" file="F:\Projects\Blockception\Software\bc-dev\BC-Minecraft-Bedrock-Diagnoser\test\Lib\Diagnostics\Format\diagnose path.test.ts" time="0.002" failures="0">
    <testcase name="Filepath lengths Total length" time="0.000" classname="Total length">
    </testcase>
    <testcase name="Filepath lengths Total length2" time="0.000" classname="Total length2">
    </testcase>
    <testcase name="Filepath lengths Segment length2" time="0.000" classname="Segment length2">
    </testcase>
    <testcase name="Filepath lengths Just Okay" time="0.000" classname="Just Okay">
    </testcase>
  </testsuite>
  <testsuite name="Boolean" timestamp="2023-04-27T08:26:11" tests="2" file="F:\Projects\Blockception\Software\bc-dev\BC-Minecraft-Bedrock-Diagnoser\test\Lib\Diagnostics\General\Boolean.test.ts" time="0.001" failures="0">
    <testcase name="Boolean diagnose no errors" time="0.000" classname="diagnose no errors">
    </testcase>
    <testcase name="Boolean diagnose with errors" time="0.000" classname="diagnose with errors">
    </testcase>
  </testsuite>
  <testsuite name="Float" timestamp="2023-04-27T08:26:11" tests="2" file="F:\Projects\Blockception\Software\bc-dev\BC-Minecraft-Bedrock-Diagnoser\test\Lib\Diagnostics\General\Float.test.ts" time="0.000" failures="0">
    <testcase name="Float diagnose no errors" time="0.000" classname="diagnose no errors">
    </testcase>
    <testcase name="Float diagnose with errors" time="0.000" classname="diagnose with errors">
    </testcase>
  </testsuite>
  <testsuite name="Integer" timestamp="2023-04-27T08:26:11" tests="2" file="F:\Projects\Blockception\Software\bc-dev\BC-Minecraft-Bedrock-Diagnoser\test\Lib\Diagnostics\General\Integer.test.ts" time="0.001" failures="0">
    <testcase name="Integer diagnose no errors" time="0.000" classname="diagnose no errors">
    </testcase>
    <testcase name="Integer diagnose with errors" time="0.000" classname="diagnose with errors">
    </testcase>
  </testsuite>
  <testsuite name="Keyword" timestamp="2023-04-27T08:26:11" tests="2" file="F:\Projects\Blockception\Software\bc-dev\BC-Minecraft-Bedrock-Diagnoser\test\Lib\Diagnostics\General\Keyword.test.ts" time="0.000" failures="0">
    <testcase name="Keyword diagnose no errors" time="0.000" classname="diagnose no errors">
    </testcase>
    <testcase name="Keyword diagnose with errors" time="0.000" classname="diagnose with errors">
    </testcase>
  </testsuite>
  <testsuite name="String" timestamp="2023-04-27T08:26:11" tests="2" file="F:\Projects\Blockception\Software\bc-dev\BC-Minecraft-Bedrock-Diagnoser\test\Lib\Diagnostics\General\String.test.ts" time="0.001" failures="0">
    <testcase name="String diagnose no errors" time="0.000" classname="diagnose no errors">
    </testcase>
    <testcase name="String diagnose with errors" time="0.000" classname="diagnose with errors">
    </testcase>
  </testsuite>
  <testsuite name="Command" timestamp="2023-04-27T08:26:11" tests="2" file="F:\Projects\Blockception\Software\bc-dev\BC-Minecraft-Bedrock-Diagnoser\test\Lib\Diagnostics\Minecraft\Commands.test.ts" time="0.000" failures="0">
    <testcase name="Command diagnose no errors" time="0.000" classname="diagnose no errors">
    </testcase>
    <testcase name="Command diagnose with errors" time="0.000" classname="diagnose with errors">
    </testcase>
  </testsuite>
  <testsuite name="Coordinate" timestamp="2023-04-27T08:26:11" tests="2" file="F:\Projects\Blockception\Software\bc-dev\BC-Minecraft-Bedrock-Diagnoser\test\Lib\Diagnostics\Minecraft\Coordinate.test.ts" time="0.001" failures="0">
    <testcase name="Coordinate diagnose no errors" time="0.000" classname="diagnose no errors">
    </testcase>
    <testcase name="Coordinate diagnose with errors" time="0.001" classname="diagnose with errors">
    </testcase>
  </testsuite>
  <testsuite name="Effect" timestamp="2023-04-27T08:26:11" tests="2" file="F:\Projects\Blockception\Software\bc-dev\BC-Minecraft-Bedrock-Diagnoser\test\Lib\Diagnostics\Minecraft\Effect.test.ts" time="0.000" failures="0">
    <testcase name="Effect diagnose no errors" time="0.000" classname="diagnose no errors">
    </testcase>
    <testcase name="Effect diagnose with errors" time="0.000" classname="diagnose with errors">
    </testcase>
  </testsuite>
  <testsuite name="Objective" timestamp="2023-04-27T08:26:11" tests="3" file="F:\Projects\Blockception\Software\bc-dev\BC-Minecraft-Bedrock-Diagnoser\test\Lib\Diagnostics\Minecraft\Objectives.test.ts" time="0.001" failures="0">
    <testcase name="Objective diagnose no errors" time="0.000" classname="diagnose no errors">
    </testcase>
    <testcase name="Objective diagnose with errors" time="0.000" classname="diagnose with errors">
    </testcase>
    <testcase name="Objective diagnose with errors" time="0.000" classname="diagnose with errors">
    </testcase>
  </testsuite>
  <testsuite name="Selector" timestamp="2023-04-27T08:26:11" tests="4" file="F:\Projects\Blockception\Software\bc-dev\BC-Minecraft-Bedrock-Diagnoser\test\Lib\Diagnostics\Minecraft\Selector.test.ts" time="0.000" failures="0">
    <testcase name="Selector Double negative types should not return errors" time="0.001" classname="Double negative types should not return errors">
    </testcase>
    <testcase name="Selector All negative and one positive types" time="0.001" classname="All negative and one positive types">
    </testcase>
    <testcase name="Selector Double negative gamemode" time="0.000" classname="Double negative gamemode">
    </testcase>
    <testcase name="Selector All negative and one positive gamemode" time="0.000" classname="All negative and one positive gamemode">
    </testcase>
  </testsuite>
  <testsuite name="Expecting no errors" timestamp="2023-04-27T08:26:11" tests="11" file="F:\Projects\Blockception\Software\bc-dev\BC-Minecraft-Bedrock-Diagnoser\test\Lib\Diagnostics\Minecraft\Selector.test.ts" time="0.003" failures="0">
    <testcase name="Selector Expecting no errors @a[hasitem={item=minecraft:stone,data=1}]" time="0.000" classname="@a[hasitem={item=minecraft:stone,data=1}]">
    </testcase>
    <testcase name="Selector Expecting no errors @a[hasitem={item=stone,data=1}]" time="0.001" classname="@a[hasitem={item=stone,data=1}]">
    </testcase>
    <testcase name="Selector Expecting no errors @e[type=!player,type=!minecraft:sheep]" time="0.000" classname="@e[type=!player,type=!minecraft:sheep]">
    </testcase>
    <testcase name="Selector Expecting no errors @a[type=player,type=!minecraft:sheep,type=!minecraft:sheep]" time="0.000" classname="@a[type=player,type=!minecraft:sheep,type=!minecraft:sheep]">
    </testcase>
    <testcase name="Selector Expecting no errors @s" time="0.000" classname="@s">
    </testcase>
    <testcase name="Selector Expecting no errors @e[type=minecraft:sheep,r=2]" time="0.001" classname="@e[type=minecraft:sheep,r=2]">
    </testcase>
    <testcase name="Selector Expecting no errors @p[ry=180,rym=135]" time="0.000" classname="@p[ry=180,rym=135]">
    </testcase>
    <testcase name="Selector Expecting no errors @s[y=15,dy=-100,z=~,x=~]" time="0.000" classname="@s[y=15,dy=-100,z=~,x=~]">
    </testcase>
    <testcase name="Selector Expecting no errors @s[scores={data=..3,data=5..}]" time="0.000" classname="@s[scores={data=..3,data=5..}]">
    </testcase>
    <testcase name="Selector Expecting no errors @e[name=&quot;main&quot;,tag=foo]" time="0.001" classname="@e[name=&quot;main&quot;,tag=foo]">
    </testcase>
    <testcase name="Selector Expecting no errors @e[x=0,y=2,z=3,dx=4,dy=5,dz=6,type=minecraft:sheep,c=1]" time="0.000" classname="@e[x=0,y=2,z=3,dx=4,dy=5,dz=6,type=minecraft:sheep,c=1]">
    </testcase>
  </testsuite>
  <testsuite name="Expecting errors" timestamp="2023-04-27T08:26:11" tests="7" file="F:\Projects\Blockception\Software\bc-dev\BC-Minecraft-Bedrock-Diagnoser\test\Lib\Diagnostics\Minecraft\Selector.test.ts" time="0.001" failures="0">
    <testcase name="Selector Expecting errors @a[hasitem={data=1}]" time="0.000" classname="@a[hasitem={data=1}]">
    </testcase>
    <testcase name="Selector Expecting errors @e[type=player,type=minecraft:sheep]" time="0.000" classname="@e[type=player,type=minecraft:sheep]">
    </testcase>
    <testcase name="Selector Expecting errors @a[scores={data=1},scores={data=2}]" time="0.000" classname="@a[scores={data=1},scores={data=2}]">
    </testcase>
    <testcase name="Selector Expecting errors @a[scores={data={value=1}}" time="0.000" classname="@a[scores={data={value=1}}">
    </testcase>
    <testcase name="Selector Expecting errors @a[scores={data=[value=1]}" time="0.001" classname="@a[scores={data=[value=1]}">
    </testcase>
    <testcase name="Selector Expecting errors @r[hasitem={item=minecraft:stone,data=1},hasitem=[{item=minecraft:stone,data=2}]]" time="0.000" classname="@r[hasitem={item=minecraft:stone,data=1},hasitem=[{item=minecraft:stone,data=2}]]">
    </testcase>
    <testcase name="Selector Expecting errors @r[hasitem=[item=minecraft:stone]]" time="0.000" classname="@r[hasitem=[item=minecraft:stone]]">
    </testcase>
  </testsuite>
  <testsuite name="Tag" timestamp="2023-04-27T08:26:11" tests="3" file="F:\Projects\Blockception\Software\bc-dev\BC-Minecraft-Bedrock-Diagnoser\test\Lib\Diagnostics\Minecraft\Tag.test.ts" time="0.000" failures="0">
    <testcase name="Tag diagnose no errors" time="0.000" classname="diagnose no errors">
    </testcase>
    <testcase name="Tag diagnose with errors" time="0.000" classname="diagnose with errors">
    </testcase>
    <testcase name="Tag diagnose with errors" time="0.000" classname="diagnose with errors">
    </testcase>
  </testsuite>
  <testsuite name="Tickingarea" timestamp="2023-04-27T08:26:11" tests="2" file="F:\Projects\Blockception\Software\bc-dev\BC-Minecraft-Bedrock-Diagnoser\test\Lib\Diagnostics\Minecraft\Tickingarea.test.ts" time="0.001" failures="0">
    <testcase name="Tickingarea diagnose no errors" time="0.001" classname="diagnose no errors">
    </testcase>
    <testcase name="Tickingarea diagnose with errors" time="0.000" classname="diagnose with errors">
    </testcase>
  </testsuite>
  <testsuite name="XP" timestamp="2023-04-27T08:26:11" tests="2" file="F:\Projects\Blockception\Software\bc-dev\BC-Minecraft-Bedrock-Diagnoser\test\Lib\Diagnostics\Minecraft\Xp.test.ts" time="0.001" failures="0">
    <testcase name="XP diagnose no errors" time="0.000" classname="diagnose no errors">
    </testcase>
    <testcase name="XP diagnose with errors" time="0.001" classname="diagnose with errors">
    </testcase>
  </testsuite>
  <testsuite name="Mode SlotID" timestamp="2023-04-27T08:26:11" tests="3" file="F:\Projects\Blockception\Software\bc-dev\BC-Minecraft-Bedrock-Diagnoser\test\Lib\Diagnostics\Mode\slotid.test.ts" time="0.000" failures="0">
    <testcase name="Mode SlotID range check max" time="0.000" classname="range check max">
    </testcase>
    <testcase name="Mode SlotID range check min" time="0.000" classname="range check min">
    </testcase>
    <testcase name="Mode SlotID range check error" time="0.000" classname="range check error">
    </testcase>
  </testsuite>
  <testsuite name="Molang" timestamp="2023-04-27T08:26:11" tests="0" file="F:\Projects\Blockception\Software\bc-dev\BC-Minecraft-Bedrock-Diagnoser\test\Lib\Diagnostics\Molang\implementation.test.ts" time="0.000" failures="0">
  </testsuite>
  <testsuite name="diagnose_molang_implementation" timestamp="2023-04-27T08:26:11" tests="3" file="F:\Projects\Blockception\Software\bc-dev\BC-Minecraft-Bedrock-Diagnoser\test\Lib\Diagnostics\Molang\implementation.test.ts" time="0.001" failures="0">
    <testcase name="Molang diagnose_molang_implementation no errors" time="0.001" classname="no errors">
    </testcase>
    <testcase name="Molang diagnose_molang_implementation 1 error" time="0.000" classname="1 error">
    </testcase>
    <testcase name="Molang diagnose_molang_implementation 1 error" time="0.000" classname="1 error">
    </testcase>
  </testsuite>
  <testsuite name="ResourcePack" timestamp="2023-04-27T08:26:11" tests="0" file="F:\Projects\Blockception\Software\bc-dev\BC-Minecraft-Bedrock-Diagnoser\test\Lib\Diagnostics\ResourcePack\TextureAtlas.test.ts" time="0.000" failures="0">
  </testsuite>
  <testsuite name="TextureAtlas" timestamp="2023-04-27T08:26:11" tests="1" file="F:\Projects\Blockception\Software\bc-dev\BC-Minecraft-Bedrock-Diagnoser\test\Lib\Diagnostics\ResourcePack\TextureAtlas.test.ts" time="0.001" failures="0">
    <testcase name="ResourcePack TextureAtlas no errors" time="0.001" classname="no errors">
    </testcase>
  </testsuite>
  <testsuite name="Diagnoser" timestamp="2023-04-27T08:26:11" tests="1" file="F:\Projects\Blockception\Software\bc-dev\BC-Minecraft-Bedrock-Diagnoser\test\Lib\Types\Diagnoser.test.ts" time="0.000" failures="0">
    <testcase name="Diagnoser extname" time="0.000" classname="extname">
    </testcase>
  </testsuite>
</testsuites>